
*************start********************
**************
1*******************
####################
1#########################

*************start********************
